---
source: crates/am/tests/snapshots.rs
assertion_line: 555
expression: output
---
Write-Host 'am: loaded .aliases'
Write-Host '  b → cargo build'
Write-Host '  t → cargo test'
function global:b { cargo build @args }
function global:t { cargo test @args }
$env:_AM_PROJECT_ALIASES = "b|b58de66,t|ab61de4"
