---
source: crates/am/tests/snapshots.rs
expression: output
---
alias cm "git commit -sm"
function cmf
    cm feat: $argv
end
alias gs "git status"
set -gx _AM_PROFILE_ALIASES "cm,cmf,gs"

# am wrapper: reload after profile switch or local alias change
function am --wraps=am
    command am $argv
    # reload after profile switch (handles short forms: p/profile, s/set)
    if begin; test "$argv[1]" = profile; or test "$argv[1]" = p; end
        if begin; test "$argv[2]" = set; or test "$argv[2]" = s; end
            command am reload fish | source
        end
    # re-source hook after local alias change (only for add/a or remove/r)
    else if begin; test "$argv[1]" = add; or test "$argv[1]" = a; or test "$argv[1]" = remove; or test "$argv[1]" = r; end
        if contains -- -l $argv; or contains -- --local $argv
            command am hook fish | source
        end
    end
end

# am cd hook
function __am_hook --on-variable PWD
    am hook fish | source
end
__am_hook
