---
source: crates/am/tests/snapshots.rs
expression: output
---
function global:gs { git status @args }
function global:ll { ls -lha @args }
$env:_AM_ALIASES = "gs,ll"
Remove-Item -ErrorAction SilentlyContinue Env:_AM_PROFILE_ALIASES

# am wrapper: reload aliases after mutations
function am {
    $amBin = (Get-Command -CommandType Application am | Select-Object -First 1).Source
    & $amBin @args
    if ($LASTEXITCODE -ne 0) { return }
    # tui — always reload
    if ($args.Count -ge 1 -and $args[0] -in 'tui', 't') {
        $out = (& $amBin reload powershell) -join "`r`n"
        if ($out) { Invoke-Command -ScriptBlock ([scriptblock]::Create($out)) -NoNewScope }
        $out = (& $amBin hook powershell) -join "`r`n"
        if ($out) { Invoke-Command -ScriptBlock ([scriptblock]::Create($out)) -NoNewScope }
        return
    }
    # top-level use — reload
    if ($args.Count -ge 1 -and $args[0] -in 'use', 'u') {
        $out = (& $amBin reload powershell) -join "`r`n"
        if ($out) { Invoke-Command -ScriptBlock ([scriptblock]::Create($out)) -NoNewScope }
        return
    }
    # profile mutation — reload
    if ($args.Count -ge 1 -and $args[0] -in 'profile', 'p') {
        if ($args.Count -ge 2 -and $args[1] -in 'use', 'u', 'add', 'a', 'remove', 'r') {
            $out = (& $amBin reload powershell) -join "`r`n"
            if ($out) { Invoke-Command -ScriptBlock ([scriptblock]::Create($out)) -NoNewScope }
        }
    }
    # alias mutation — reload
    elseif ($args.Count -ge 1 -and $args[0] -in 'add', 'a', 'remove', 'r') {
        if ($args -contains '-l' -or $args -contains '--local') {
            $out = (& $amBin hook powershell) -join "`r`n"
            if ($out) { Invoke-Command -ScriptBlock ([scriptblock]::Create($out)) -NoNewScope }
        } else {
            $out = (& $amBin reload powershell) -join "`r`n"
            if ($out) { Invoke-Command -ScriptBlock ([scriptblock]::Create($out)) -NoNewScope }
        }
    }
    # trust/untrust — reload project aliases
    elseif ($args.Count -ge 1 -and $args[0] -eq 'trust') {
        $out = (& $amBin hook powershell) -join "`r`n"
        if ($out) { Invoke-Command -ScriptBlock ([scriptblock]::Create($out)) -NoNewScope }
    }
    elseif ($args.Count -ge 1 -and $args[0] -eq 'untrust') {
        $out = (& $amBin hook --quiet powershell) -join "`r`n"
        if ($out) { Invoke-Command -ScriptBlock ([scriptblock]::Create($out)) -NoNewScope }
    }
}


# am cd hook: track directory changes and reload project aliases
$env:__AM_LAST_DIR = $PWD.Path
$__am_original_prompt = $function:prompt
function global:prompt {
    if ($PWD.Path -ne $env:__AM_LAST_DIR) {
        $env:__AM_LAST_DIR = $PWD.Path
        $amBin = (Get-Command -CommandType Application am | Select-Object -First 1).Source
        $hookCode = (& $amBin hook powershell) -join "`r`n"
        if ($hookCode) { Invoke-Command -ScriptBlock ([scriptblock]::Create($hookCode)) -NoNewScope }
    }
    if ($__am_original_prompt) { & $__am_original_prompt } else { "PS $($PWD.Path)> " }
}




Register-ArgumentCompleter -Native -CommandName 'am' -ScriptBlock {
    param($wordToComplete, $commandAst, $cursorPosition)

    $commandElements = $commandAst.CommandElements
    $command = @(
        'am'
        for ($i = 1; $i -lt $commandElements.Count; $i++) {
            $element = $commandElements[$i]
            if ($element -isnot [System.Management.Automation.Language.StringConstantExpressionAst] -or
                $element.StringConstantType -ne [System.Management.Automation.Language.StringConstantType]::BareWord -or
                $element.Value.StartsWith('-') -or
                $element.Value -eq $wordToComplete) {
                break
        }
        $element.Value
    }) -join ';'

    $completions = @(switch ($command) {
        'am' {
            [System.Management.Automation.CompletionResult]::new('-h', '-h', [System.Management.Automation.CompletionResultType]::ParameterName, 'Print help')
            [System.Management.Automation.CompletionResult]::new('--help', '--help', [System.Management.Automation.CompletionResultType]::ParameterName, 'Print help')
            [System.Management.Automation.CompletionResult]::new('-V', '-V ', [System.Management.Automation.CompletionResultType]::ParameterName, 'Print version')
            [System.Management.Automation.CompletionResult]::new('--version', '--version', [System.Management.Automation.CompletionResultType]::ParameterName, 'Print version')
            [System.Management.Automation.CompletionResult]::new('add', 'add', [System.Management.Automation.CompletionResultType]::ParameterValue, 'Add a new alias')
            [System.Management.Automation.CompletionResult]::new('remove', 'remove', [System.Management.Automation.CompletionResultType]::ParameterValue, 'Remove an alias')
            [System.Management.Automation.CompletionResult]::new('ls', 'ls', [System.Management.Automation.CompletionResultType]::ParameterValue, 'List all profiles and project aliases')
            [System.Management.Automation.CompletionResult]::new('status', 'status', [System.Management.Automation.CompletionResultType]::ParameterValue, 'Check if the shell is set up correctly')
            [System.Management.Automation.CompletionResult]::new('profile', 'profile', [System.Management.Automation.CompletionResultType]::ParameterValue, 'Manage profiles (defaults to listing when no subcommand given)')
            [System.Management.Automation.CompletionResult]::new('init', 'init', [System.Management.Automation.CompletionResultType]::ParameterValue, 'Print shell init code')
            [System.Management.Automation.CompletionResult]::new('setup', 'setup', [System.Management.Automation.CompletionResultType]::ParameterValue, 'Guided setup — adds amoxide to your shell profile')
            [System.Management.Automation.CompletionResult]::new('use', 'use', [System.Management.Automation.CompletionResultType]::ParameterValue, 'Shortcut for `am profile use` — toggle one or more profiles')
            [System.Management.Automation.CompletionResult]::new('tui', 'tui', [System.Management.Automation.CompletionResultType]::ParameterValue, 'Launch the interactive TUI for managing aliases and profiles')
            [System.Management.Automation.CompletionResult]::new('export', 'export', [System.Management.Automation.CompletionResultType]::ParameterValue, 'Export aliases to stdout as TOML')
            [System.Management.Automation.CompletionResult]::new('import', 'import', [System.Management.Automation.CompletionResultType]::ParameterValue, 'Import aliases from a URL or file')
            [System.Management.Automation.CompletionResult]::new('share', 'share', [System.Management.Automation.CompletionResultType]::ParameterValue, 'Generate a share command for posting aliases to a pastebin service')
            [System.Management.Automation.CompletionResult]::new('trust', 'trust', [System.Management.Automation.CompletionResultType]::ParameterValue, 'Review and trust the project .aliases file in the current directory')
            [System.Management.Automation.CompletionResult]::new('untrust', 'untrust', [System.Management.Automation.CompletionResultType]::ParameterValue, 'Remove trust for the project .aliases file in the current directory')
            [System.Management.Automation.CompletionResult]::new('hook', 'hook', [System.Management.Automation.CompletionResultType]::ParameterValue, 'Internal: called by the cd hook to load/unload project aliases')
            [System.Management.Automation.CompletionResult]::new('reload', 'reload', [System.Management.Automation.CompletionResultType]::ParameterValue, 'Internal: called by the am wrapper to reload profile aliases after switching')
            [System.Management.Automation.CompletionResult]::new('sync', 'sync', [System.Management.Automation.CompletionResultType]::ParameterValue, 'Internal: compute and emit the minimal shell ops to sync the shell with the effective merged alias state (global + profile + project)')
            [System.Management.Automation.CompletionResult]::new('help', 'help', [System.Management.Automation.CompletionResultType]::ParameterValue, 'Print this message or the help of the given subcommand(s)')
            break
        }
        'am;add' {
            [System.Management.Automation.CompletionResult]::new('-p', '-p', [System.Management.Automation.CompletionResultType]::ParameterName, 'Profile to add the alias to (defaults to active profile)')
            [System.Management.Automation.CompletionResult]::new('--profile', '--profile', [System.Management.Automation.CompletionResultType]::ParameterName, 'Profile to add the alias to (defaults to active profile)')
            [System.Management.Automation.CompletionResult]::new('--sub', '--sub', [System.Management.Automation.CompletionResultType]::ParameterName, 'Define a subcommand alias (repeatable: --sub short long)')
            [System.Management.Automation.CompletionResult]::new('-l', '-l', [System.Management.Automation.CompletionResultType]::ParameterName, 'Add to the project''s .aliases file instead of a profile')
            [System.Management.Automation.CompletionResult]::new('--local', '--local', [System.Management.Automation.CompletionResultType]::ParameterName, 'Add to the project''s .aliases file instead of a profile')
            [System.Management.Automation.CompletionResult]::new('-g', '-g', [System.Management.Automation.CompletionResultType]::ParameterName, 'Add as a global alias (always loaded, independent of profile)')
            [System.Management.Automation.CompletionResult]::new('--global', '--global', [System.Management.Automation.CompletionResultType]::ParameterName, 'Add as a global alias (always loaded, independent of profile)')
            [System.Management.Automation.CompletionResult]::new('--raw', '--raw', [System.Management.Automation.CompletionResultType]::ParameterName, 'Disable {{N}} template detection (treat command as literal)')
            [System.Management.Automation.CompletionResult]::new('-h', '-h', [System.Management.Automation.CompletionResultType]::ParameterName, 'Print help')
            [System.Management.Automation.CompletionResult]::new('--help', '--help', [System.Management.Automation.CompletionResultType]::ParameterName, 'Print help')
            [System.Management.Automation.CompletionResult]::new('-V', '-V ', [System.Management.Automation.CompletionResultType]::ParameterName, 'Print version')
            [System.Management.Automation.CompletionResult]::new('--version', '--version', [System.Management.Automation.CompletionResultType]::ParameterName, 'Print version')
            break
        }
        'am;remove' {
            [System.Management.Automation.CompletionResult]::new('-p', '-p', [System.Management.Automation.CompletionResultType]::ParameterName, 'Profile to remove the alias from (defaults to active profile)')
            [System.Management.Automation.CompletionResult]::new('--profile', '--profile', [System.Management.Automation.CompletionResultType]::ParameterName, 'Profile to remove the alias from (defaults to active profile)')
            [System.Management.Automation.CompletionResult]::new('--sub', '--sub', [System.Management.Automation.CompletionResultType]::ParameterName, 'Subcommand path segments to complete the key (e.g. --sub b --sub l removes jj:b:l)')
            [System.Management.Automation.CompletionResult]::new('-l', '-l', [System.Management.Automation.CompletionResultType]::ParameterName, 'Remove from the project''s .aliases file instead of a profile')
            [System.Management.Automation.CompletionResult]::new('--local', '--local', [System.Management.Automation.CompletionResultType]::ParameterName, 'Remove from the project''s .aliases file instead of a profile')
            [System.Management.Automation.CompletionResult]::new('-g', '-g', [System.Management.Automation.CompletionResultType]::ParameterName, 'Remove a global alias')
            [System.Management.Automation.CompletionResult]::new('--global', '--global', [System.Management.Automation.CompletionResultType]::ParameterName, 'Remove a global alias')
            [System.Management.Automation.CompletionResult]::new('-h', '-h', [System.Management.Automation.CompletionResultType]::ParameterName, 'Print help')
            [System.Management.Automation.CompletionResult]::new('--help', '--help', [System.Management.Automation.CompletionResultType]::ParameterName, 'Print help')
            [System.Management.Automation.CompletionResult]::new('-V', '-V ', [System.Management.Automation.CompletionResultType]::ParameterName, 'Print version')
            [System.Management.Automation.CompletionResult]::new('--version', '--version', [System.Management.Automation.CompletionResultType]::ParameterName, 'Print version')
            break
        }
        'am;ls' {
            [System.Management.Automation.CompletionResult]::new('-u', '-u', [System.Management.Automation.CompletionResultType]::ParameterName, 'Show only active profiles and loaded project aliases')
            [System.Management.Automation.CompletionResult]::new('--used', '--used', [System.Management.Automation.CompletionResultType]::ParameterName, 'Show only active profiles and loaded project aliases')
            [System.Management.Automation.CompletionResult]::new('-h', '-h', [System.Management.Automation.CompletionResultType]::ParameterName, 'Print help')
            [System.Management.Automation.CompletionResult]::new('--help', '--help', [System.Management.Automation.CompletionResultType]::ParameterName, 'Print help')
            [System.Management.Automation.CompletionResult]::new('-V', '-V ', [System.Management.Automation.CompletionResultType]::ParameterName, 'Print version')
            [System.Management.Automation.CompletionResult]::new('--version', '--version', [System.Management.Automation.CompletionResultType]::ParameterName, 'Print version')
            break
        }
        'am;status' {
            [System.Management.Automation.CompletionResult]::new('-h', '-h', [System.Management.Automation.CompletionResultType]::ParameterName, 'Print help')
            [System.Management.Automation.CompletionResult]::new('--help', '--help', [System.Management.Automation.CompletionResultType]::ParameterName, 'Print help')
            [System.Management.Automation.CompletionResult]::new('-V', '-V ', [System.Management.Automation.CompletionResultType]::ParameterName, 'Print version')
            [System.Management.Automation.CompletionResult]::new('--version', '--version', [System.Management.Automation.CompletionResultType]::ParameterName, 'Print version')
            break
        }
        'am;profile' {
            [System.Management.Automation.CompletionResult]::new('-h', '-h', [System.Management.Automation.CompletionResultType]::ParameterName, 'Print help')
            [System.Management.Automation.CompletionResult]::new('--help', '--help', [System.Management.Automation.CompletionResultType]::ParameterName, 'Print help')
            [System.Management.Automation.CompletionResult]::new('-V', '-V ', [System.Management.Automation.CompletionResultType]::ParameterName, 'Print version')
            [System.Management.Automation.CompletionResult]::new('--version', '--version', [System.Management.Automation.CompletionResultType]::ParameterName, 'Print version')
            [System.Management.Automation.CompletionResult]::new('add', 'add', [System.Management.Automation.CompletionResultType]::ParameterValue, 'Add a new profile')
            [System.Management.Automation.CompletionResult]::new('use', 'use', [System.Management.Automation.CompletionResultType]::ParameterValue, 'Toggle one or more profiles as active/inactive, optionally at a specific priority')
            [System.Management.Automation.CompletionResult]::new('remove', 'remove', [System.Management.Automation.CompletionResultType]::ParameterValue, 'Remove a profile')
            [System.Management.Automation.CompletionResult]::new('list', 'list', [System.Management.Automation.CompletionResultType]::ParameterValue, 'List all profiles')
            [System.Management.Automation.CompletionResult]::new('help', 'help', [System.Management.Automation.CompletionResultType]::ParameterValue, 'Print this message or the help of the given subcommand(s)')
            break
        }
        'am;profile;add' {
            [System.Management.Automation.CompletionResult]::new('-h', '-h', [System.Management.Automation.CompletionResultType]::ParameterName, 'Print help')
            [System.Management.Automation.CompletionResult]::new('--help', '--help', [System.Management.Automation.CompletionResultType]::ParameterName, 'Print help')
            [System.Management.Automation.CompletionResult]::new('-V', '-V ', [System.Management.Automation.CompletionResultType]::ParameterName, 'Print version')
            [System.Management.Automation.CompletionResult]::new('--version', '--version', [System.Management.Automation.CompletionResultType]::ParameterName, 'Print version')
            break
        }
        'am;profile;use' {
            [System.Management.Automation.CompletionResult]::new('-n', '-n', [System.Management.Automation.CompletionResultType]::ParameterName, 'Activate at specific priority position (1-based). Repositions if already active')
            [System.Management.Automation.CompletionResult]::new('--priority', '--priority', [System.Management.Automation.CompletionResultType]::ParameterName, 'Activate at specific priority position (1-based). Repositions if already active')
            [System.Management.Automation.CompletionResult]::new('-i', '-i', [System.Management.Automation.CompletionResultType]::ParameterName, 'Reverse the processing order (first listed = highest priority)')
            [System.Management.Automation.CompletionResult]::new('--inverse', '--inverse', [System.Management.Automation.CompletionResultType]::ParameterName, 'Reverse the processing order (first listed = highest priority)')
            [System.Management.Automation.CompletionResult]::new('-h', '-h', [System.Management.Automation.CompletionResultType]::ParameterName, 'Print help')
            [System.Management.Automation.CompletionResult]::new('--help', '--help', [System.Management.Automation.CompletionResultType]::ParameterName, 'Print help')
            [System.Management.Automation.CompletionResult]::new('-V', '-V ', [System.Management.Automation.CompletionResultType]::ParameterName, 'Print version')
            [System.Management.Automation.CompletionResult]::new('--version', '--version', [System.Management.Automation.CompletionResultType]::ParameterName, 'Print version')
            break
        }
        'am;profile;remove' {
            [System.Management.Automation.CompletionResult]::new('-f', '-f', [System.Management.Automation.CompletionResultType]::ParameterName, 'Skip confirmation prompt')
            [System.Management.Automation.CompletionResult]::new('--force', '--force', [System.Management.Automation.CompletionResultType]::ParameterName, 'Skip confirmation prompt')
            [System.Management.Automation.CompletionResult]::new('-h', '-h', [System.Management.Automation.CompletionResultType]::ParameterName, 'Print help')
            [System.Management.Automation.CompletionResult]::new('--help', '--help', [System.Management.Automation.CompletionResultType]::ParameterName, 'Print help')
            [System.Management.Automation.CompletionResult]::new('-V', '-V ', [System.Management.Automation.CompletionResultType]::ParameterName, 'Print version')
            [System.Management.Automation.CompletionResult]::new('--version', '--version', [System.Management.Automation.CompletionResultType]::ParameterName, 'Print version')
            break
        }
        'am;profile;list' {
            [System.Management.Automation.CompletionResult]::new('-u', '-u', [System.Management.Automation.CompletionResultType]::ParameterName, 'Show only active profiles and loaded project aliases')
            [System.Management.Automation.CompletionResult]::new('--used', '--used', [System.Management.Automation.CompletionResultType]::ParameterName, 'Show only active profiles and loaded project aliases')
            [System.Management.Automation.CompletionResult]::new('-h', '-h', [System.Management.Automation.CompletionResultType]::ParameterName, 'Print help')
            [System.Management.Automation.CompletionResult]::new('--help', '--help', [System.Management.Automation.CompletionResultType]::ParameterName, 'Print help')
            [System.Management.Automation.CompletionResult]::new('-V', '-V ', [System.Management.Automation.CompletionResultType]::ParameterName, 'Print version')
            [System.Management.Automation.CompletionResult]::new('--version', '--version', [System.Management.Automation.CompletionResultType]::ParameterName, 'Print version')
            break
        }
        'am;profile;help' {
            [System.Management.Automation.CompletionResult]::new('add', 'add', [System.Management.Automation.CompletionResultType]::ParameterValue, 'Add a new profile')
            [System.Management.Automation.CompletionResult]::new('use', 'use', [System.Management.Automation.CompletionResultType]::ParameterValue, 'Toggle one or more profiles as active/inactive, optionally at a specific priority')
            [System.Management.Automation.CompletionResult]::new('remove', 'remove', [System.Management.Automation.CompletionResultType]::ParameterValue, 'Remove a profile')
            [System.Management.Automation.CompletionResult]::new('list', 'list', [System.Management.Automation.CompletionResultType]::ParameterValue, 'List all profiles')
            [System.Management.Automation.CompletionResult]::new('help', 'help', [System.Management.Automation.CompletionResultType]::ParameterValue, 'Print this message or the help of the given subcommand(s)')
            break
        }
        'am;profile;help;add' {
            break
        }
        'am;profile;help;use' {
            break
        }
        'am;profile;help;remove' {
            break
        }
        'am;profile;help;list' {
            break
        }
        'am;profile;help;help' {
            break
        }
        'am;init' {
            [System.Management.Automation.CompletionResult]::new('-f', '-f', [System.Management.Automation.CompletionResultType]::ParameterName, 'Force re-initialisation: unload all previously tracked aliases (both alias and function forms) before re-loading. Use after config changes such as toggling `use_abbr`')
            [System.Management.Automation.CompletionResult]::new('--force', '--force', [System.Management.Automation.CompletionResultType]::ParameterName, 'Force re-initialisation: unload all previously tracked aliases (both alias and function forms) before re-loading. Use after config changes such as toggling `use_abbr`')
            [System.Management.Automation.CompletionResult]::new('-h', '-h', [System.Management.Automation.CompletionResultType]::ParameterName, 'Print help (see more with ''--help'')')
            [System.Management.Automation.CompletionResult]::new('--help', '--help', [System.Management.Automation.CompletionResultType]::ParameterName, 'Print help (see more with ''--help'')')
            [System.Management.Automation.CompletionResult]::new('-V', '-V ', [System.Management.Automation.CompletionResultType]::ParameterName, 'Print version')
            [System.Management.Automation.CompletionResult]::new('--version', '--version', [System.Management.Automation.CompletionResultType]::ParameterName, 'Print version')
            break
        }
        'am;setup' {
            [System.Management.Automation.CompletionResult]::new('-h', '-h', [System.Management.Automation.CompletionResultType]::ParameterName, 'Print help')
            [System.Management.Automation.CompletionResult]::new('--help', '--help', [System.Management.Automation.CompletionResultType]::ParameterName, 'Print help')
            [System.Management.Automation.CompletionResult]::new('-V', '-V ', [System.Management.Automation.CompletionResultType]::ParameterName, 'Print version')
            [System.Management.Automation.CompletionResult]::new('--version', '--version', [System.Management.Automation.CompletionResultType]::ParameterName, 'Print version')
            break
        }
        'am;use' {
            [System.Management.Automation.CompletionResult]::new('-n', '-n', [System.Management.Automation.CompletionResultType]::ParameterName, 'Activate at specific priority position (1-based). Repositions if already active')
            [System.Management.Automation.CompletionResult]::new('--priority', '--priority', [System.Management.Automation.CompletionResultType]::ParameterName, 'Activate at specific priority position (1-based). Repositions if already active')
            [System.Management.Automation.CompletionResult]::new('-i', '-i', [System.Management.Automation.CompletionResultType]::ParameterName, 'Reverse the processing order (first listed = highest priority)')
            [System.Management.Automation.CompletionResult]::new('--inverse', '--inverse', [System.Management.Automation.CompletionResultType]::ParameterName, 'Reverse the processing order (first listed = highest priority)')
            [System.Management.Automation.CompletionResult]::new('-h', '-h', [System.Management.Automation.CompletionResultType]::ParameterName, 'Print help')
            [System.Management.Automation.CompletionResult]::new('--help', '--help', [System.Management.Automation.CompletionResultType]::ParameterName, 'Print help')
            [System.Management.Automation.CompletionResult]::new('-V', '-V ', [System.Management.Automation.CompletionResultType]::ParameterName, 'Print version')
            [System.Management.Automation.CompletionResult]::new('--version', '--version', [System.Management.Automation.CompletionResultType]::ParameterName, 'Print version')
            break
        }
        'am;tui' {
            [System.Management.Automation.CompletionResult]::new('-h', '-h', [System.Management.Automation.CompletionResultType]::ParameterName, 'Print help')
            [System.Management.Automation.CompletionResult]::new('--help', '--help', [System.Management.Automation.CompletionResultType]::ParameterName, 'Print help')
            [System.Management.Automation.CompletionResult]::new('-V', '-V ', [System.Management.Automation.CompletionResultType]::ParameterName, 'Print version')
            [System.Management.Automation.CompletionResult]::new('--version', '--version', [System.Management.Automation.CompletionResultType]::ParameterName, 'Print version')
            break
        }
        'am;export' {
            [System.Management.Automation.CompletionResult]::new('-p', '-p', [System.Management.Automation.CompletionResultType]::ParameterName, 'Operate on specific profile(s) — can be repeated')
            [System.Management.Automation.CompletionResult]::new('--profile', '--profile', [System.Management.Automation.CompletionResultType]::ParameterName, 'Operate on specific profile(s) — can be repeated')
            [System.Management.Automation.CompletionResult]::new('-l', '-l', [System.Management.Automation.CompletionResultType]::ParameterName, 'Operate on project-local aliases')
            [System.Management.Automation.CompletionResult]::new('--local', '--local', [System.Management.Automation.CompletionResultType]::ParameterName, 'Operate on project-local aliases')
            [System.Management.Automation.CompletionResult]::new('-g', '-g', [System.Management.Automation.CompletionResultType]::ParameterName, 'Operate on global aliases')
            [System.Management.Automation.CompletionResult]::new('--global', '--global', [System.Management.Automation.CompletionResultType]::ParameterName, 'Operate on global aliases')
            [System.Management.Automation.CompletionResult]::new('--all', '--all', [System.Management.Automation.CompletionResultType]::ParameterName, 'Operate on everything (global + all profiles + local)')
            [System.Management.Automation.CompletionResult]::new('-b', '-b', [System.Management.Automation.CompletionResultType]::ParameterName, 'Encode output as base64')
            [System.Management.Automation.CompletionResult]::new('--base64', '--base64', [System.Management.Automation.CompletionResultType]::ParameterName, 'Encode output as base64')
            [System.Management.Automation.CompletionResult]::new('-h', '-h', [System.Management.Automation.CompletionResultType]::ParameterName, 'Print help')
            [System.Management.Automation.CompletionResult]::new('--help', '--help', [System.Management.Automation.CompletionResultType]::ParameterName, 'Print help')
            [System.Management.Automation.CompletionResult]::new('-V', '-V ', [System.Management.Automation.CompletionResultType]::ParameterName, 'Print version')
            [System.Management.Automation.CompletionResult]::new('--version', '--version', [System.Management.Automation.CompletionResultType]::ParameterName, 'Print version')
            break
        }
        'am;import' {
            [System.Management.Automation.CompletionResult]::new('-p', '-p', [System.Management.Automation.CompletionResultType]::ParameterName, 'Operate on specific profile(s) — can be repeated')
            [System.Management.Automation.CompletionResult]::new('--profile', '--profile', [System.Management.Automation.CompletionResultType]::ParameterName, 'Operate on specific profile(s) — can be repeated')
            [System.Management.Automation.CompletionResult]::new('-l', '-l', [System.Management.Automation.CompletionResultType]::ParameterName, 'Operate on project-local aliases')
            [System.Management.Automation.CompletionResult]::new('--local', '--local', [System.Management.Automation.CompletionResultType]::ParameterName, 'Operate on project-local aliases')
            [System.Management.Automation.CompletionResult]::new('-g', '-g', [System.Management.Automation.CompletionResultType]::ParameterName, 'Operate on global aliases')
            [System.Management.Automation.CompletionResult]::new('--global', '--global', [System.Management.Automation.CompletionResultType]::ParameterName, 'Operate on global aliases')
            [System.Management.Automation.CompletionResult]::new('--all', '--all', [System.Management.Automation.CompletionResultType]::ParameterName, 'Operate on everything (global + all profiles + local)')
            [System.Management.Automation.CompletionResult]::new('-b', '-b', [System.Management.Automation.CompletionResultType]::ParameterName, 'Decode base64 input before parsing')
            [System.Management.Automation.CompletionResult]::new('--base64', '--base64', [System.Management.Automation.CompletionResultType]::ParameterName, 'Decode base64 input before parsing')
            [System.Management.Automation.CompletionResult]::new('-y', '-y', [System.Management.Automation.CompletionResultType]::ParameterName, 'Skip all confirmation prompts')
            [System.Management.Automation.CompletionResult]::new('--yes', '--yes', [System.Management.Automation.CompletionResultType]::ParameterName, 'Skip all confirmation prompts')
            [System.Management.Automation.CompletionResult]::new('--trust', '--trust', [System.Management.Automation.CompletionResultType]::ParameterName, 'DANGER: Skip safety checks for suspicious content (escape sequences). Only use for your own exports. Never trust external input blindly — it can carry invisible escape sequences that hide malicious commands')
            [System.Management.Automation.CompletionResult]::new('-h', '-h', [System.Management.Automation.CompletionResultType]::ParameterName, 'Print help')
            [System.Management.Automation.CompletionResult]::new('--help', '--help', [System.Management.Automation.CompletionResultType]::ParameterName, 'Print help')
            [System.Management.Automation.CompletionResult]::new('-V', '-V ', [System.Management.Automation.CompletionResultType]::ParameterName, 'Print version')
            [System.Management.Automation.CompletionResult]::new('--version', '--version', [System.Management.Automation.CompletionResultType]::ParameterName, 'Print version')
            break
        }
        'am;share' {
            [System.Management.Automation.CompletionResult]::new('-p', '-p', [System.Management.Automation.CompletionResultType]::ParameterName, 'Operate on specific profile(s) — can be repeated')
            [System.Management.Automation.CompletionResult]::new('--profile', '--profile', [System.Management.Automation.CompletionResultType]::ParameterName, 'Operate on specific profile(s) — can be repeated')
            [System.Management.Automation.CompletionResult]::new('-l', '-l', [System.Management.Automation.CompletionResultType]::ParameterName, 'Operate on project-local aliases')
            [System.Management.Automation.CompletionResult]::new('--local', '--local', [System.Management.Automation.CompletionResultType]::ParameterName, 'Operate on project-local aliases')
            [System.Management.Automation.CompletionResult]::new('-g', '-g', [System.Management.Automation.CompletionResultType]::ParameterName, 'Operate on global aliases')
            [System.Management.Automation.CompletionResult]::new('--global', '--global', [System.Management.Automation.CompletionResultType]::ParameterName, 'Operate on global aliases')
            [System.Management.Automation.CompletionResult]::new('--all', '--all', [System.Management.Automation.CompletionResultType]::ParameterName, 'Operate on everything (global + all profiles + local)')
            [System.Management.Automation.CompletionResult]::new('--termbin', '--termbin', [System.Management.Automation.CompletionResultType]::ParameterName, 'Generate command for termbin.com (netcat)')
            [System.Management.Automation.CompletionResult]::new('--paste-rs', '--paste-rs', [System.Management.Automation.CompletionResultType]::ParameterName, 'Generate command for paste.rs (curl)')
            [System.Management.Automation.CompletionResult]::new('-h', '-h', [System.Management.Automation.CompletionResultType]::ParameterName, 'Print help')
            [System.Management.Automation.CompletionResult]::new('--help', '--help', [System.Management.Automation.CompletionResultType]::ParameterName, 'Print help')
            [System.Management.Automation.CompletionResult]::new('-V', '-V ', [System.Management.Automation.CompletionResultType]::ParameterName, 'Print version')
            [System.Management.Automation.CompletionResult]::new('--version', '--version', [System.Management.Automation.CompletionResultType]::ParameterName, 'Print version')
            break
        }
        'am;trust' {
            [System.Management.Automation.CompletionResult]::new('-h', '-h', [System.Management.Automation.CompletionResultType]::ParameterName, 'Print help')
            [System.Management.Automation.CompletionResult]::new('--help', '--help', [System.Management.Automation.CompletionResultType]::ParameterName, 'Print help')
            [System.Management.Automation.CompletionResult]::new('-V', '-V ', [System.Management.Automation.CompletionResultType]::ParameterName, 'Print version')
            [System.Management.Automation.CompletionResult]::new('--version', '--version', [System.Management.Automation.CompletionResultType]::ParameterName, 'Print version')
            break
        }
        'am;untrust' {
            [System.Management.Automation.CompletionResult]::new('-f', '-f', [System.Management.Automation.CompletionResultType]::ParameterName, 'Forget the path entirely (remove from security tracking instead of marking untrusted)')
            [System.Management.Automation.CompletionResult]::new('--forget', '--forget', [System.Management.Automation.CompletionResultType]::ParameterName, 'Forget the path entirely (remove from security tracking instead of marking untrusted)')
            [System.Management.Automation.CompletionResult]::new('-h', '-h', [System.Management.Automation.CompletionResultType]::ParameterName, 'Print help')
            [System.Management.Automation.CompletionResult]::new('--help', '--help', [System.Management.Automation.CompletionResultType]::ParameterName, 'Print help')
            [System.Management.Automation.CompletionResult]::new('-V', '-V ', [System.Management.Automation.CompletionResultType]::ParameterName, 'Print version')
            [System.Management.Automation.CompletionResult]::new('--version', '--version', [System.Management.Automation.CompletionResultType]::ParameterName, 'Print version')
            break
        }
        'am;hook' {
            [System.Management.Automation.CompletionResult]::new('-q', '-q', [System.Management.Automation.CompletionResultType]::ParameterName, 'Suppress info and warning messages (still unloads/loads aliases)')
            [System.Management.Automation.CompletionResult]::new('--quiet', '--quiet', [System.Management.Automation.CompletionResultType]::ParameterName, 'Suppress info and warning messages (still unloads/loads aliases)')
            [System.Management.Automation.CompletionResult]::new('-h', '-h', [System.Management.Automation.CompletionResultType]::ParameterName, 'Print help')
            [System.Management.Automation.CompletionResult]::new('--help', '--help', [System.Management.Automation.CompletionResultType]::ParameterName, 'Print help')
            [System.Management.Automation.CompletionResult]::new('-V', '-V ', [System.Management.Automation.CompletionResultType]::ParameterName, 'Print version')
            [System.Management.Automation.CompletionResult]::new('--version', '--version', [System.Management.Automation.CompletionResultType]::ParameterName, 'Print version')
            break
        }
        'am;reload' {
            [System.Management.Automation.CompletionResult]::new('-h', '-h', [System.Management.Automation.CompletionResultType]::ParameterName, 'Print help')
            [System.Management.Automation.CompletionResult]::new('--help', '--help', [System.Management.Automation.CompletionResultType]::ParameterName, 'Print help')
            [System.Management.Automation.CompletionResult]::new('-V', '-V ', [System.Management.Automation.CompletionResultType]::ParameterName, 'Print version')
            [System.Management.Automation.CompletionResult]::new('--version', '--version', [System.Management.Automation.CompletionResultType]::ParameterName, 'Print version')
            break
        }
        'am;sync' {
            [System.Management.Automation.CompletionResult]::new('-q', '-q', [System.Management.Automation.CompletionResultType]::ParameterName, 'Suppress info and warning messages (still unloads/loads aliases)')
            [System.Management.Automation.CompletionResult]::new('--quiet', '--quiet', [System.Management.Automation.CompletionResultType]::ParameterName, 'Suppress info and warning messages (still unloads/loads aliases)')
            [System.Management.Automation.CompletionResult]::new('-h', '-h', [System.Management.Automation.CompletionResultType]::ParameterName, 'Print help')
            [System.Management.Automation.CompletionResult]::new('--help', '--help', [System.Management.Automation.CompletionResultType]::ParameterName, 'Print help')
            [System.Management.Automation.CompletionResult]::new('-V', '-V ', [System.Management.Automation.CompletionResultType]::ParameterName, 'Print version')
            [System.Management.Automation.CompletionResult]::new('--version', '--version', [System.Management.Automation.CompletionResultType]::ParameterName, 'Print version')
            break
        }
        'am;help' {
            [System.Management.Automation.CompletionResult]::new('add', 'add', [System.Management.Automation.CompletionResultType]::ParameterValue, 'Add a new alias')
            [System.Management.Automation.CompletionResult]::new('remove', 'remove', [System.Management.Automation.CompletionResultType]::ParameterValue, 'Remove an alias')
            [System.Management.Automation.CompletionResult]::new('ls', 'ls', [System.Management.Automation.CompletionResultType]::ParameterValue, 'List all profiles and project aliases')
            [System.Management.Automation.CompletionResult]::new('status', 'status', [System.Management.Automation.CompletionResultType]::ParameterValue, 'Check if the shell is set up correctly')
            [System.Management.Automation.CompletionResult]::new('profile', 'profile', [System.Management.Automation.CompletionResultType]::ParameterValue, 'Manage profiles (defaults to listing when no subcommand given)')
            [System.Management.Automation.CompletionResult]::new('init', 'init', [System.Management.Automation.CompletionResultType]::ParameterValue, 'Print shell init code')
            [System.Management.Automation.CompletionResult]::new('setup', 'setup', [System.Management.Automation.CompletionResultType]::ParameterValue, 'Guided setup — adds amoxide to your shell profile')
            [System.Management.Automation.CompletionResult]::new('use', 'use', [System.Management.Automation.CompletionResultType]::ParameterValue, 'Shortcut for `am profile use` — toggle one or more profiles')
            [System.Management.Automation.CompletionResult]::new('tui', 'tui', [System.Management.Automation.CompletionResultType]::ParameterValue, 'Launch the interactive TUI for managing aliases and profiles')
            [System.Management.Automation.CompletionResult]::new('export', 'export', [System.Management.Automation.CompletionResultType]::ParameterValue, 'Export aliases to stdout as TOML')
            [System.Management.Automation.CompletionResult]::new('import', 'import', [System.Management.Automation.CompletionResultType]::ParameterValue, 'Import aliases from a URL or file')
            [System.Management.Automation.CompletionResult]::new('share', 'share', [System.Management.Automation.CompletionResultType]::ParameterValue, 'Generate a share command for posting aliases to a pastebin service')
            [System.Management.Automation.CompletionResult]::new('trust', 'trust', [System.Management.Automation.CompletionResultType]::ParameterValue, 'Review and trust the project .aliases file in the current directory')
            [System.Management.Automation.CompletionResult]::new('untrust', 'untrust', [System.Management.Automation.CompletionResultType]::ParameterValue, 'Remove trust for the project .aliases file in the current directory')
            [System.Management.Automation.CompletionResult]::new('hook', 'hook', [System.Management.Automation.CompletionResultType]::ParameterValue, 'Internal: called by the cd hook to load/unload project aliases')
            [System.Management.Automation.CompletionResult]::new('reload', 'reload', [System.Management.Automation.CompletionResultType]::ParameterValue, 'Internal: called by the am wrapper to reload profile aliases after switching')
            [System.Management.Automation.CompletionResult]::new('sync', 'sync', [System.Management.Automation.CompletionResultType]::ParameterValue, 'Internal: compute and emit the minimal shell ops to sync the shell with the effective merged alias state (global + profile + project)')
            [System.Management.Automation.CompletionResult]::new('help', 'help', [System.Management.Automation.CompletionResultType]::ParameterValue, 'Print this message or the help of the given subcommand(s)')
            break
        }
        'am;help;add' {
            break
        }
        'am;help;remove' {
            break
        }
        'am;help;ls' {
            break
        }
        'am;help;status' {
            break
        }
        'am;help;profile' {
            [System.Management.Automation.CompletionResult]::new('add', 'add', [System.Management.Automation.CompletionResultType]::ParameterValue, 'Add a new profile')
            [System.Management.Automation.CompletionResult]::new('use', 'use', [System.Management.Automation.CompletionResultType]::ParameterValue, 'Toggle one or more profiles as active/inactive, optionally at a specific priority')
            [System.Management.Automation.CompletionResult]::new('remove', 'remove', [System.Management.Automation.CompletionResultType]::ParameterValue, 'Remove a profile')
            [System.Management.Automation.CompletionResult]::new('list', 'list', [System.Management.Automation.CompletionResultType]::ParameterValue, 'List all profiles')
            break
        }
        'am;help;profile;add' {
            break
        }
        'am;help;profile;use' {
            break
        }
        'am;help;profile;remove' {
            break
        }
        'am;help;profile;list' {
            break
        }
        'am;help;init' {
            break
        }
        'am;help;setup' {
            break
        }
        'am;help;use' {
            break
        }
        'am;help;tui' {
            break
        }
        'am;help;export' {
            break
        }
        'am;help;import' {
            break
        }
        'am;help;share' {
            break
        }
        'am;help;trust' {
            break
        }
        'am;help;untrust' {
            break
        }
        'am;help;hook' {
            break
        }
        'am;help;reload' {
            break
        }
        'am;help;sync' {
            break
        }
        'am;help;help' {
            break
        }
    })

    $completions.Where{ $_.CompletionText -like "$wordToComplete*" } |
        Sort-Object -Property ListItemText
}
