---
source: crates/am/tests/snapshots.rs
expression: output
---
gs() { git status "$@"; }
ll() { ls -lha "$@"; }
export _AM_ALIASES="gs,ll"
unset _AM_PROFILE_ALIASES

am() {
  command am "$@"
  local am_status=$?
  if [[ $am_status -ne 0 ]]; then return $am_status; fi
  case "$1" in
    tui|t) eval "$(command am reload bash)"; eval "$(command am hook bash)"; return ;;
  esac
  case "$1" in
    use|u) eval "$(command am reload bash)"; return ;;
  esac
  case "$1:$2" in
    profile:use|p:use|profile:u|p:u|profile:add|p:add|profile:a|p:a|profile:remove|p:remove|profile:r|p:r) eval "$(command am reload bash)" ;;
  esac
  case "$1" in
    add|a|remove|r)
      case "$*" in
        *\ -l\ *|*\ --local\ *|*\ -l|*\ --local) eval "$(command am hook bash)" ;;
        *) eval "$(command am reload bash)" ;;
      esac ;;
    trust) eval "$(command am hook bash)" ;;
    untrust) eval "$(command am hook --quiet bash)" ;;
  esac
}


# am cd hook: track directory changes and reload project aliases
__am_hook() {
  local previous_exit_status=$?
  if [[ "${__am_prev_dir:-}" != "$PWD" ]]; then
    __am_prev_dir="$PWD"
    eval "$(command am hook bash)"
  fi
  return $previous_exit_status
}
if [[ "$(declare -p PROMPT_COMMAND 2>&1)" == "declare -a"* ]]; then
  case " ${PROMPT_COMMAND[*]} " in
    *" __am_hook "*) ;;
    *) PROMPT_COMMAND=(__am_hook "${PROMPT_COMMAND[@]}") ;;
  esac
else
  case ";${PROMPT_COMMAND:-};" in
    *";__am_hook;"*) ;;
    *) PROMPT_COMMAND="__am_hook${PROMPT_COMMAND:+;$PROMPT_COMMAND}" ;;
  esac
fi
__am_hook


_am() {
    local i cur prev opts cmd
    COMPREPLY=()
    if [[ "${BASH_VERSINFO[0]}" -ge 4 ]]; then
        cur="$2"
    else
        cur="${COMP_WORDS[COMP_CWORD]}"
    fi
    prev="$3"
    cmd=""
    opts=""

    for i in "${COMP_WORDS[@]:0:COMP_CWORD}"
    do
        case "${cmd},${i}" in
            ",$1")
                cmd="am"
                ;;
            am,add)
                cmd="am__subcmd__add"
                ;;
            am,export)
                cmd="am__subcmd__export"
                ;;
            am,help)
                cmd="am__subcmd__help"
                ;;
            am,hook)
                cmd="am__subcmd__hook"
                ;;
            am,import)
                cmd="am__subcmd__import"
                ;;
            am,init)
                cmd="am__subcmd__init"
                ;;
            am,ls)
                cmd="am__subcmd__ls"
                ;;
            am,profile)
                cmd="am__subcmd__profile"
                ;;
            am,reload)
                cmd="am__subcmd__reload"
                ;;
            am,remove)
                cmd="am__subcmd__remove"
                ;;
            am,setup)
                cmd="am__subcmd__setup"
                ;;
            am,share)
                cmd="am__subcmd__share"
                ;;
            am,status)
                cmd="am__subcmd__status"
                ;;
            am,trust)
                cmd="am__subcmd__trust"
                ;;
            am,tui)
                cmd="am__subcmd__tui"
                ;;
            am,untrust)
                cmd="am__subcmd__untrust"
                ;;
            am,use)
                cmd="am__subcmd__use"
                ;;
            am__subcmd__help,add)
                cmd="am__subcmd__help__subcmd__add"
                ;;
            am__subcmd__help,export)
                cmd="am__subcmd__help__subcmd__export"
                ;;
            am__subcmd__help,help)
                cmd="am__subcmd__help__subcmd__help"
                ;;
            am__subcmd__help,hook)
                cmd="am__subcmd__help__subcmd__hook"
                ;;
            am__subcmd__help,import)
                cmd="am__subcmd__help__subcmd__import"
                ;;
            am__subcmd__help,init)
                cmd="am__subcmd__help__subcmd__init"
                ;;
            am__subcmd__help,ls)
                cmd="am__subcmd__help__subcmd__ls"
                ;;
            am__subcmd__help,profile)
                cmd="am__subcmd__help__subcmd__profile"
                ;;
            am__subcmd__help,reload)
                cmd="am__subcmd__help__subcmd__reload"
                ;;
            am__subcmd__help,remove)
                cmd="am__subcmd__help__subcmd__remove"
                ;;
            am__subcmd__help,setup)
                cmd="am__subcmd__help__subcmd__setup"
                ;;
            am__subcmd__help,share)
                cmd="am__subcmd__help__subcmd__share"
                ;;
            am__subcmd__help,status)
                cmd="am__subcmd__help__subcmd__status"
                ;;
            am__subcmd__help,trust)
                cmd="am__subcmd__help__subcmd__trust"
                ;;
            am__subcmd__help,tui)
                cmd="am__subcmd__help__subcmd__tui"
                ;;
            am__subcmd__help,untrust)
                cmd="am__subcmd__help__subcmd__untrust"
                ;;
            am__subcmd__help,use)
                cmd="am__subcmd__help__subcmd__use"
                ;;
            am__subcmd__help__subcmd__profile,add)
                cmd="am__subcmd__help__subcmd__profile__subcmd__add"
                ;;
            am__subcmd__help__subcmd__profile,list)
                cmd="am__subcmd__help__subcmd__profile__subcmd__list"
                ;;
            am__subcmd__help__subcmd__profile,remove)
                cmd="am__subcmd__help__subcmd__profile__subcmd__remove"
                ;;
            am__subcmd__help__subcmd__profile,use)
                cmd="am__subcmd__help__subcmd__profile__subcmd__use"
                ;;
            am__subcmd__profile,add)
                cmd="am__subcmd__profile__subcmd__add"
                ;;
            am__subcmd__profile,help)
                cmd="am__subcmd__profile__subcmd__help"
                ;;
            am__subcmd__profile,list)
                cmd="am__subcmd__profile__subcmd__list"
                ;;
            am__subcmd__profile,remove)
                cmd="am__subcmd__profile__subcmd__remove"
                ;;
            am__subcmd__profile,use)
                cmd="am__subcmd__profile__subcmd__use"
                ;;
            am__subcmd__profile__subcmd__help,add)
                cmd="am__subcmd__profile__subcmd__help__subcmd__add"
                ;;
            am__subcmd__profile__subcmd__help,help)
                cmd="am__subcmd__profile__subcmd__help__subcmd__help"
                ;;
            am__subcmd__profile__subcmd__help,list)
                cmd="am__subcmd__profile__subcmd__help__subcmd__list"
                ;;
            am__subcmd__profile__subcmd__help,remove)
                cmd="am__subcmd__profile__subcmd__help__subcmd__remove"
                ;;
            am__subcmd__profile__subcmd__help,use)
                cmd="am__subcmd__profile__subcmd__help__subcmd__use"
                ;;
            *)
                ;;
        esac
    done

    case "${cmd}" in
        am)
            opts="-h -V --help --version add remove ls status profile init setup use tui export import share trust untrust hook reload help"
            if [[ ${cur} == -* || ${COMP_CWORD} -eq 1 ]] ; then
                COMPREPLY=( $(compgen -W "${opts}" -- "${cur}") )
                return 0
            fi
            case "${prev}" in
                *)
                    COMPREPLY=()
                    ;;
            esac
            COMPREPLY=( $(compgen -W "${opts}" -- "${cur}") )
            return 0
            ;;
        am__subcmd__add)
            opts="-p -l -g -h -V --profile --local --global --raw --sub --help --version <NAME> [COMMAND]..."
            if [[ ${cur} == -* || ${COMP_CWORD} -eq 2 ]] ; then
                COMPREPLY=( $(compgen -W "${opts}" -- "${cur}") )
                return 0
            fi
            case "${prev}" in
                --profile)
                    COMPREPLY=($(compgen -f "${cur}"))
                    return 0
                    ;;
                -p)
                    COMPREPLY=($(compgen -f "${cur}"))
                    return 0
                    ;;
                --sub)
                    COMPREPLY=($(compgen -f "${cur}"))
                    return 0
                    ;;
                *)
                    COMPREPLY=()
                    ;;
            esac
            COMPREPLY=( $(compgen -W "${opts}" -- "${cur}") )
            return 0
            ;;
        am__subcmd__export)
            opts="-l -g -p -b -h -V --local --global --profile --all --base64 --help --version"
            if [[ ${cur} == -* || ${COMP_CWORD} -eq 2 ]] ; then
                COMPREPLY=( $(compgen -W "${opts}" -- "${cur}") )
                return 0
            fi
            case "${prev}" in
                --profile)
                    COMPREPLY=($(compgen -f "${cur}"))
                    return 0
                    ;;
                -p)
                    COMPREPLY=($(compgen -f "${cur}"))
                    return 0
                    ;;
                *)
                    COMPREPLY=()
                    ;;
            esac
            COMPREPLY=( $(compgen -W "${opts}" -- "${cur}") )
            return 0
            ;;
        am__subcmd__help)
            opts="add remove ls status profile init setup use tui export import share trust untrust hook reload help"
            if [[ ${cur} == -* || ${COMP_CWORD} -eq 2 ]] ; then
                COMPREPLY=( $(compgen -W "${opts}" -- "${cur}") )
                return 0
            fi
            case "${prev}" in
                *)
                    COMPREPLY=()
                    ;;
            esac
            COMPREPLY=( $(compgen -W "${opts}" -- "${cur}") )
            return 0
            ;;
        am__subcmd__help__subcmd__add)
            opts=""
            if [[ ${cur} == -* || ${COMP_CWORD} -eq 3 ]] ; then
                COMPREPLY=( $(compgen -W "${opts}" -- "${cur}") )
                return 0
            fi
            case "${prev}" in
                *)
                    COMPREPLY=()
                    ;;
            esac
            COMPREPLY=( $(compgen -W "${opts}" -- "${cur}") )
            return 0
            ;;
        am__subcmd__help__subcmd__export)
            opts=""
            if [[ ${cur} == -* || ${COMP_CWORD} -eq 3 ]] ; then
                COMPREPLY=( $(compgen -W "${opts}" -- "${cur}") )
                return 0
            fi
            case "${prev}" in
                *)
                    COMPREPLY=()
                    ;;
            esac
            COMPREPLY=( $(compgen -W "${opts}" -- "${cur}") )
            return 0
            ;;
        am__subcmd__help__subcmd__help)
            opts=""
            if [[ ${cur} == -* || ${COMP_CWORD} -eq 3 ]] ; then
                COMPREPLY=( $(compgen -W "${opts}" -- "${cur}") )
                return 0
            fi
            case "${prev}" in
                *)
                    COMPREPLY=()
                    ;;
            esac
            COMPREPLY=( $(compgen -W "${opts}" -- "${cur}") )
            return 0
            ;;
        am__subcmd__help__subcmd__hook)
            opts=""
            if [[ ${cur} == -* || ${COMP_CWORD} -eq 3 ]] ; then
                COMPREPLY=( $(compgen -W "${opts}" -- "${cur}") )
                return 0
            fi
            case "${prev}" in
                *)
                    COMPREPLY=()
                    ;;
            esac
            COMPREPLY=( $(compgen -W "${opts}" -- "${cur}") )
            return 0
            ;;
        am__subcmd__help__subcmd__import)
            opts=""
            if [[ ${cur} == -* || ${COMP_CWORD} -eq 3 ]] ; then
                COMPREPLY=( $(compgen -W "${opts}" -- "${cur}") )
                return 0
            fi
            case "${prev}" in
                *)
                    COMPREPLY=()
                    ;;
            esac
            COMPREPLY=( $(compgen -W "${opts}" -- "${cur}") )
            return 0
            ;;
        am__subcmd__help__subcmd__init)
            opts=""
            if [[ ${cur} == -* || ${COMP_CWORD} -eq 3 ]] ; then
                COMPREPLY=( $(compgen -W "${opts}" -- "${cur}") )
                return 0
            fi
            case "${prev}" in
                *)
                    COMPREPLY=()
                    ;;
            esac
            COMPREPLY=( $(compgen -W "${opts}" -- "${cur}") )
            return 0
            ;;
        am__subcmd__help__subcmd__ls)
            opts=""
            if [[ ${cur} == -* || ${COMP_CWORD} -eq 3 ]] ; then
                COMPREPLY=( $(compgen -W "${opts}" -- "${cur}") )
                return 0
            fi
            case "${prev}" in
                *)
                    COMPREPLY=()
                    ;;
            esac
            COMPREPLY=( $(compgen -W "${opts}" -- "${cur}") )
            return 0
            ;;
        am__subcmd__help__subcmd__profile)
            opts="add use remove list"
            if [[ ${cur} == -* || ${COMP_CWORD} -eq 3 ]] ; then
                COMPREPLY=( $(compgen -W "${opts}" -- "${cur}") )
                return 0
            fi
            case "${prev}" in
                *)
                    COMPREPLY=()
                    ;;
            esac
            COMPREPLY=( $(compgen -W "${opts}" -- "${cur}") )
            return 0
            ;;
        am__subcmd__help__subcmd__profile__subcmd__add)
            opts=""
            if [[ ${cur} == -* || ${COMP_CWORD} -eq 4 ]] ; then
                COMPREPLY=( $(compgen -W "${opts}" -- "${cur}") )
                return 0
            fi
            case "${prev}" in
                *)
                    COMPREPLY=()
                    ;;
            esac
            COMPREPLY=( $(compgen -W "${opts}" -- "${cur}") )
            return 0
            ;;
        am__subcmd__help__subcmd__profile__subcmd__list)
            opts=""
            if [[ ${cur} == -* || ${COMP_CWORD} -eq 4 ]] ; then
                COMPREPLY=( $(compgen -W "${opts}" -- "${cur}") )
                return 0
            fi
            case "${prev}" in
                *)
                    COMPREPLY=()
                    ;;
            esac
            COMPREPLY=( $(compgen -W "${opts}" -- "${cur}") )
            return 0
            ;;
        am__subcmd__help__subcmd__profile__subcmd__remove)
            opts=""
            if [[ ${cur} == -* || ${COMP_CWORD} -eq 4 ]] ; then
                COMPREPLY=( $(compgen -W "${opts}" -- "${cur}") )
                return 0
            fi
            case "${prev}" in
                *)
                    COMPREPLY=()
                    ;;
            esac
            COMPREPLY=( $(compgen -W "${opts}" -- "${cur}") )
            return 0
            ;;
        am__subcmd__help__subcmd__profile__subcmd__use)
            opts=""
            if [[ ${cur} == -* || ${COMP_CWORD} -eq 4 ]] ; then
                COMPREPLY=( $(compgen -W "${opts}" -- "${cur}") )
                return 0
            fi
            case "${prev}" in
                *)
                    COMPREPLY=()
                    ;;
            esac
            COMPREPLY=( $(compgen -W "${opts}" -- "${cur}") )
            return 0
            ;;
        am__subcmd__help__subcmd__reload)
            opts=""
            if [[ ${cur} == -* || ${COMP_CWORD} -eq 3 ]] ; then
                COMPREPLY=( $(compgen -W "${opts}" -- "${cur}") )
                return 0
            fi
            case "${prev}" in
                *)
                    COMPREPLY=()
                    ;;
            esac
            COMPREPLY=( $(compgen -W "${opts}" -- "${cur}") )
            return 0
            ;;
        am__subcmd__help__subcmd__remove)
            opts=""
            if [[ ${cur} == -* || ${COMP_CWORD} -eq 3 ]] ; then
                COMPREPLY=( $(compgen -W "${opts}" -- "${cur}") )
                return 0
            fi
            case "${prev}" in
                *)
                    COMPREPLY=()
                    ;;
            esac
            COMPREPLY=( $(compgen -W "${opts}" -- "${cur}") )
            return 0
            ;;
        am__subcmd__help__subcmd__setup)
            opts=""
            if [[ ${cur} == -* || ${COMP_CWORD} -eq 3 ]] ; then
                COMPREPLY=( $(compgen -W "${opts}" -- "${cur}") )
                return 0
            fi
            case "${prev}" in
                *)
                    COMPREPLY=()
                    ;;
            esac
            COMPREPLY=( $(compgen -W "${opts}" -- "${cur}") )
            return 0
            ;;
        am__subcmd__help__subcmd__share)
            opts=""
            if [[ ${cur} == -* || ${COMP_CWORD} -eq 3 ]] ; then
                COMPREPLY=( $(compgen -W "${opts}" -- "${cur}") )
                return 0
            fi
            case "${prev}" in
                *)
                    COMPREPLY=()
                    ;;
            esac
            COMPREPLY=( $(compgen -W "${opts}" -- "${cur}") )
            return 0
            ;;
        am__subcmd__help__subcmd__status)
            opts=""
            if [[ ${cur} == -* || ${COMP_CWORD} -eq 3 ]] ; then
                COMPREPLY=( $(compgen -W "${opts}" -- "${cur}") )
                return 0
            fi
            case "${prev}" in
                *)
                    COMPREPLY=()
                    ;;
            esac
            COMPREPLY=( $(compgen -W "${opts}" -- "${cur}") )
            return 0
            ;;
        am__subcmd__help__subcmd__trust)
            opts=""
            if [[ ${cur} == -* || ${COMP_CWORD} -eq 3 ]] ; then
                COMPREPLY=( $(compgen -W "${opts}" -- "${cur}") )
                return 0
            fi
            case "${prev}" in
                *)
                    COMPREPLY=()
                    ;;
            esac
            COMPREPLY=( $(compgen -W "${opts}" -- "${cur}") )
            return 0
            ;;
        am__subcmd__help__subcmd__tui)
            opts=""
            if [[ ${cur} == -* || ${COMP_CWORD} -eq 3 ]] ; then
                COMPREPLY=( $(compgen -W "${opts}" -- "${cur}") )
                return 0
            fi
            case "${prev}" in
                *)
                    COMPREPLY=()
                    ;;
            esac
            COMPREPLY=( $(compgen -W "${opts}" -- "${cur}") )
            return 0
            ;;
        am__subcmd__help__subcmd__untrust)
            opts=""
            if [[ ${cur} == -* || ${COMP_CWORD} -eq 3 ]] ; then
                COMPREPLY=( $(compgen -W "${opts}" -- "${cur}") )
                return 0
            fi
            case "${prev}" in
                *)
                    COMPREPLY=()
                    ;;
            esac
            COMPREPLY=( $(compgen -W "${opts}" -- "${cur}") )
            return 0
            ;;
        am__subcmd__help__subcmd__use)
            opts=""
            if [[ ${cur} == -* || ${COMP_CWORD} -eq 3 ]] ; then
                COMPREPLY=( $(compgen -W "${opts}" -- "${cur}") )
                return 0
            fi
            case "${prev}" in
                *)
                    COMPREPLY=()
                    ;;
            esac
            COMPREPLY=( $(compgen -W "${opts}" -- "${cur}") )
            return 0
            ;;
        am__subcmd__hook)
            opts="-q -h -V --quiet --help --version bash fish powershell zsh"
            if [[ ${cur} == -* || ${COMP_CWORD} -eq 2 ]] ; then
                COMPREPLY=( $(compgen -W "${opts}" -- "${cur}") )
                return 0
            fi
            case "${prev}" in
                *)
                    COMPREPLY=()
                    ;;
            esac
            COMPREPLY=( $(compgen -W "${opts}" -- "${cur}") )
            return 0
            ;;
        am__subcmd__import)
            opts="-l -g -p -b -y -h -V --local --global --profile --all --base64 --yes --trust --help --version <SOURCE>"
            if [[ ${cur} == -* || ${COMP_CWORD} -eq 2 ]] ; then
                COMPREPLY=( $(compgen -W "${opts}" -- "${cur}") )
                return 0
            fi
            case "${prev}" in
                --profile)
                    COMPREPLY=($(compgen -f "${cur}"))
                    return 0
                    ;;
                -p)
                    COMPREPLY=($(compgen -f "${cur}"))
                    return 0
                    ;;
                *)
                    COMPREPLY=()
                    ;;
            esac
            COMPREPLY=( $(compgen -W "${opts}" -- "${cur}") )
            return 0
            ;;
        am__subcmd__init)
            opts="-h -V --help --version bash fish powershell zsh"
            if [[ ${cur} == -* || ${COMP_CWORD} -eq 2 ]] ; then
                COMPREPLY=( $(compgen -W "${opts}" -- "${cur}") )
                return 0
            fi
            case "${prev}" in
                *)
                    COMPREPLY=()
                    ;;
            esac
            COMPREPLY=( $(compgen -W "${opts}" -- "${cur}") )
            return 0
            ;;
        am__subcmd__ls)
            opts="-u -h -V --used --help --version"
            if [[ ${cur} == -* || ${COMP_CWORD} -eq 2 ]] ; then
                COMPREPLY=( $(compgen -W "${opts}" -- "${cur}") )
                return 0
            fi
            case "${prev}" in
                *)
                    COMPREPLY=()
                    ;;
            esac
            COMPREPLY=( $(compgen -W "${opts}" -- "${cur}") )
            return 0
            ;;
        am__subcmd__profile)
            opts="-h -V --help --version add use remove list help"
            if [[ ${cur} == -* || ${COMP_CWORD} -eq 2 ]] ; then
                COMPREPLY=( $(compgen -W "${opts}" -- "${cur}") )
                return 0
            fi
            case "${prev}" in
                *)
                    COMPREPLY=()
                    ;;
            esac
            COMPREPLY=( $(compgen -W "${opts}" -- "${cur}") )
            return 0
            ;;
        am__subcmd__profile__subcmd__add)
            opts="-h -V --help --version <NAME>"
            if [[ ${cur} == -* || ${COMP_CWORD} -eq 3 ]] ; then
                COMPREPLY=( $(compgen -W "${opts}" -- "${cur}") )
                return 0
            fi
            case "${prev}" in
                *)
                    COMPREPLY=()
                    ;;
            esac
            COMPREPLY=( $(compgen -W "${opts}" -- "${cur}") )
            return 0
            ;;
        am__subcmd__profile__subcmd__help)
            opts="add use remove list help"
            if [[ ${cur} == -* || ${COMP_CWORD} -eq 3 ]] ; then
                COMPREPLY=( $(compgen -W "${opts}" -- "${cur}") )
                return 0
            fi
            case "${prev}" in
                *)
                    COMPREPLY=()
                    ;;
            esac
            COMPREPLY=( $(compgen -W "${opts}" -- "${cur}") )
            return 0
            ;;
        am__subcmd__profile__subcmd__help__subcmd__add)
            opts=""
            if [[ ${cur} == -* || ${COMP_CWORD} -eq 4 ]] ; then
                COMPREPLY=( $(compgen -W "${opts}" -- "${cur}") )
                return 0
            fi
            case "${prev}" in
                *)
                    COMPREPLY=()
                    ;;
            esac
            COMPREPLY=( $(compgen -W "${opts}" -- "${cur}") )
            return 0
            ;;
        am__subcmd__profile__subcmd__help__subcmd__help)
            opts=""
            if [[ ${cur} == -* || ${COMP_CWORD} -eq 4 ]] ; then
                COMPREPLY=( $(compgen -W "${opts}" -- "${cur}") )
                return 0
            fi
            case "${prev}" in
                *)
                    COMPREPLY=()
                    ;;
            esac
            COMPREPLY=( $(compgen -W "${opts}" -- "${cur}") )
            return 0
            ;;
        am__subcmd__profile__subcmd__help__subcmd__list)
            opts=""
            if [[ ${cur} == -* || ${COMP_CWORD} -eq 4 ]] ; then
                COMPREPLY=( $(compgen -W "${opts}" -- "${cur}") )
                return 0
            fi
            case "${prev}" in
                *)
                    COMPREPLY=()
                    ;;
            esac
            COMPREPLY=( $(compgen -W "${opts}" -- "${cur}") )
            return 0
            ;;
        am__subcmd__profile__subcmd__help__subcmd__remove)
            opts=""
            if [[ ${cur} == -* || ${COMP_CWORD} -eq 4 ]] ; then
                COMPREPLY=( $(compgen -W "${opts}" -- "${cur}") )
                return 0
            fi
            case "${prev}" in
                *)
                    COMPREPLY=()
                    ;;
            esac
            COMPREPLY=( $(compgen -W "${opts}" -- "${cur}") )
            return 0
            ;;
        am__subcmd__profile__subcmd__help__subcmd__use)
            opts=""
            if [[ ${cur} == -* || ${COMP_CWORD} -eq 4 ]] ; then
                COMPREPLY=( $(compgen -W "${opts}" -- "${cur}") )
                return 0
            fi
            case "${prev}" in
                *)
                    COMPREPLY=()
                    ;;
            esac
            COMPREPLY=( $(compgen -W "${opts}" -- "${cur}") )
            return 0
            ;;
        am__subcmd__profile__subcmd__list)
            opts="-u -h -V --used --help --version"
            if [[ ${cur} == -* || ${COMP_CWORD} -eq 3 ]] ; then
                COMPREPLY=( $(compgen -W "${opts}" -- "${cur}") )
                return 0
            fi
            case "${prev}" in
                *)
                    COMPREPLY=()
                    ;;
            esac
            COMPREPLY=( $(compgen -W "${opts}" -- "${cur}") )
            return 0
            ;;
        am__subcmd__profile__subcmd__remove)
            opts="-f -h -V --force --help --version <NAME>"
            if [[ ${cur} == -* || ${COMP_CWORD} -eq 3 ]] ; then
                COMPREPLY=( $(compgen -W "${opts}" -- "${cur}") )
                return 0
            fi
            case "${prev}" in
                *)
                    COMPREPLY=()
                    ;;
            esac
            COMPREPLY=( $(compgen -W "${opts}" -- "${cur}") )
            return 0
            ;;
        am__subcmd__profile__subcmd__use)
            opts="-n -i -h -V --priority --inverse --help --version [NAMES]..."
            if [[ ${cur} == -* || ${COMP_CWORD} -eq 3 ]] ; then
                COMPREPLY=( $(compgen -W "${opts}" -- "${cur}") )
                return 0
            fi
            case "${prev}" in
                --priority)
                    COMPREPLY=($(compgen -f "${cur}"))
                    return 0
                    ;;
                -n)
                    COMPREPLY=($(compgen -f "${cur}"))
                    return 0
                    ;;
                *)
                    COMPREPLY=()
                    ;;
            esac
            COMPREPLY=( $(compgen -W "${opts}" -- "${cur}") )
            return 0
            ;;
        am__subcmd__reload)
            opts="-h -V --help --version bash fish powershell zsh"
            if [[ ${cur} == -* || ${COMP_CWORD} -eq 2 ]] ; then
                COMPREPLY=( $(compgen -W "${opts}" -- "${cur}") )
                return 0
            fi
            case "${prev}" in
                *)
                    COMPREPLY=()
                    ;;
            esac
            COMPREPLY=( $(compgen -W "${opts}" -- "${cur}") )
            return 0
            ;;
        am__subcmd__remove)
            opts="-p -l -g -h -V --profile --local --global --sub --help --version <NAME>"
            if [[ ${cur} == -* || ${COMP_CWORD} -eq 2 ]] ; then
                COMPREPLY=( $(compgen -W "${opts}" -- "${cur}") )
                return 0
            fi
            case "${prev}" in
                --profile)
                    COMPREPLY=($(compgen -f "${cur}"))
                    return 0
                    ;;
                -p)
                    COMPREPLY=($(compgen -f "${cur}"))
                    return 0
                    ;;
                --sub)
                    COMPREPLY=($(compgen -f "${cur}"))
                    return 0
                    ;;
                *)
                    COMPREPLY=()
                    ;;
            esac
            COMPREPLY=( $(compgen -W "${opts}" -- "${cur}") )
            return 0
            ;;
        am__subcmd__setup)
            opts="-h -V --help --version bash fish powershell zsh"
            if [[ ${cur} == -* || ${COMP_CWORD} -eq 2 ]] ; then
                COMPREPLY=( $(compgen -W "${opts}" -- "${cur}") )
                return 0
            fi
            case "${prev}" in
                *)
                    COMPREPLY=()
                    ;;
            esac
            COMPREPLY=( $(compgen -W "${opts}" -- "${cur}") )
            return 0
            ;;
        am__subcmd__share)
            opts="-l -g -p -h -V --local --global --profile --all --termbin --paste-rs --help --version"
            if [[ ${cur} == -* || ${COMP_CWORD} -eq 2 ]] ; then
                COMPREPLY=( $(compgen -W "${opts}" -- "${cur}") )
                return 0
            fi
            case "${prev}" in
                --profile)
                    COMPREPLY=($(compgen -f "${cur}"))
                    return 0
                    ;;
                -p)
                    COMPREPLY=($(compgen -f "${cur}"))
                    return 0
                    ;;
                *)
                    COMPREPLY=()
                    ;;
            esac
            COMPREPLY=( $(compgen -W "${opts}" -- "${cur}") )
            return 0
            ;;
        am__subcmd__status)
            opts="-h -V --help --version"
            if [[ ${cur} == -* || ${COMP_CWORD} -eq 2 ]] ; then
                COMPREPLY=( $(compgen -W "${opts}" -- "${cur}") )
                return 0
            fi
            case "${prev}" in
                *)
                    COMPREPLY=()
                    ;;
            esac
            COMPREPLY=( $(compgen -W "${opts}" -- "${cur}") )
            return 0
            ;;
        am__subcmd__trust)
            opts="-h -V --help --version"
            if [[ ${cur} == -* || ${COMP_CWORD} -eq 2 ]] ; then
                COMPREPLY=( $(compgen -W "${opts}" -- "${cur}") )
                return 0
            fi
            case "${prev}" in
                *)
                    COMPREPLY=()
                    ;;
            esac
            COMPREPLY=( $(compgen -W "${opts}" -- "${cur}") )
            return 0
            ;;
        am__subcmd__tui)
            opts="-h -V --help --version"
            if [[ ${cur} == -* || ${COMP_CWORD} -eq 2 ]] ; then
                COMPREPLY=( $(compgen -W "${opts}" -- "${cur}") )
                return 0
            fi
            case "${prev}" in
                *)
                    COMPREPLY=()
                    ;;
            esac
            COMPREPLY=( $(compgen -W "${opts}" -- "${cur}") )
            return 0
            ;;
        am__subcmd__untrust)
            opts="-f -h -V --forget --help --version"
            if [[ ${cur} == -* || ${COMP_CWORD} -eq 2 ]] ; then
                COMPREPLY=( $(compgen -W "${opts}" -- "${cur}") )
                return 0
            fi
            case "${prev}" in
                *)
                    COMPREPLY=()
                    ;;
            esac
            COMPREPLY=( $(compgen -W "${opts}" -- "${cur}") )
            return 0
            ;;
        am__subcmd__use)
            opts="-n -i -h -V --priority --inverse --help --version [NAMES]..."
            if [[ ${cur} == -* || ${COMP_CWORD} -eq 2 ]] ; then
                COMPREPLY=( $(compgen -W "${opts}" -- "${cur}") )
                return 0
            fi
            case "${prev}" in
                --priority)
                    COMPREPLY=($(compgen -f "${cur}"))
                    return 0
                    ;;
                -n)
                    COMPREPLY=($(compgen -f "${cur}"))
                    return 0
                    ;;
                *)
                    COMPREPLY=()
                    ;;
            esac
            COMPREPLY=( $(compgen -W "${opts}" -- "${cur}") )
            return 0
            ;;
    esac
}

if [[ "${BASH_VERSINFO[0]}" -eq 4 && "${BASH_VERSINFO[1]}" -ge 4 || "${BASH_VERSINFO[0]}" -gt 4 ]]; then
    complete -F _am -o nosort -o bashdefault -o default am
else
    complete -F _am -o bashdefault -o default am
fi
