---
source: crates/am/tests/snapshots.rs
expression: output
---
Remove-Item -ErrorAction SilentlyContinue Function:global:gs
Remove-Item -ErrorAction SilentlyContinue Function:global:cm
function global:cm { git commit -sm @args }
function global:cmf { cm feat: $args }
function global:gs { git status @args }
$env:_AM_ALIASES = "cm,cmf,gs"
